<html>
<body>
<pre>
<h1>µVision Build Log</h1>
<h2>Project:</h2>
C:\Users\Rosswell\Documents\TM4C-Microcontroller\Ultrasonic_Sensor_Timer\Timer0APeriodMeasurement.uvproj
Project File Date:  11/28/2018

<h2>Output:</h2>
Rebuild target 'Timer0A_Period_Measurement'
assembling startup.s...
compiling SysTick.c...
compiling Period_Measurement_Timeout.c...
compiling Nokia5110.c...
linking...
Program Size: Code=3512 RO-data=512 RW-data=36 ZI-data=1028  
".\Timer0APWM.axf" - 0 Error(s), 0 Warning(s).
Load "C:\\Users\\Rosswell\\Documents\\TM4C-Microcontroller\\Ultrasonic_Sensor_Timer\\Timer0APWM.axf" 
Connecting: Mode=JTAG, Speed=1000000Hz
Erase Done.
Programming Done.
Verify OK.
</pre>
</body>
</html>
\Documents\\TM4C-Microcontroller\\Ultrasonic_Sensor_Timer\\Timer0APWM.axf" 
Connecting: Mode=JTAG, Speed=1000000Hz
Erase Done.
Programming Done.
Verify OK.
gramming Done.
Verify OK.
