<html>
<body>
<pre>
<h1>µVision Build Log</h1>
<h2>Project:</h2>
C:\Keil\cecslabware\Timer0A_Period_Measurement\Timer0APeriodMeasurement.uvproj
Project File Date:  04/12/2018

<h2>Output:</h2>
Rebuild target 'Timer0A_Period_Measurement'
assembling startup.s...
compiling SysTick.c...
compiling Period_Measurement_Timeout.c...
linking...
Program Size: Code=2412 RO-data=32 RW-data=36 ZI-data=1028  
".\Timer0APWM.axf" - 0 Error(s), 0 Warning(s).
Load "C:\\Keil\\cecslabware\\Timer0A_Period_Measurement\\Timer0APWM.axf" 
Connecting: Mode=JTAG, Speed=1000000Hz
Erase Done.
Programming Done.
Verify OK.

