ARM Linker, 5.03 [Build 76] [MDK-ARM Lite]

==============================================================================

Section Cross References

    startup.o(RESET) refers to startup.o(STACK) for StackMem
    startup.o(RESET) refers to period_measurement_timeout.o(i.Timer0A_Handler) for Timer0A_Handler
    startup.o(RESET) refers to period_measurement_timeout.o(i.Timer1A_Handler) for Timer1A_Handler
    startup.o(RESET) refers to entry.o(.ARM.Collect$$$$00000000) for __main
    systick.o(i.SysTick_Wait1us) refers to systick.o(i.SysTick_Wait) for SysTick_Wait
    period_measurement_timeout.o(i.Display_Info) refers to nokia5110.o(i.Nokia5110_Clear) for Nokia5110_Clear
    period_measurement_timeout.o(i.Display_Info) refers to nokia5110.o(i.Nokia5110_OutString) for Nokia5110_OutString
    period_measurement_timeout.o(i.Display_Info) refers to nokia5110.o(i.Nokia5110_OutUDec) for Nokia5110_OutUDec
    period_measurement_timeout.o(i.Timer0A_Handler) refers to period_measurement_timeout.o(.data) for first
    period_measurement_timeout.o(i.Timer1A_Handler) refers to period_measurement_timeout.o(.data) for timeout
    period_measurement_timeout.o(i.main) refers to nokia5110.o(i.Nokia5110_Init) for Nokia5110_Init
    period_measurement_timeout.o(i.main) refers to systick.o(i.SysTick_Init) for SysTick_Init
    period_measurement_timeout.o(i.main) refers to period_measurement_timeout.o(i.Timer0_Init) for Timer0_Init
    period_measurement_timeout.o(i.main) refers to period_measurement_timeout.o(i.Timer1_Init) for Timer1_Init
    period_measurement_timeout.o(i.main) refers to startup.o(.text) for EnableInterrupts
    period_measurement_timeout.o(i.main) refers to period_measurement_timeout.o(i.Display_Info) for Display_Info
    period_measurement_timeout.o(i.main) refers to period_measurement_timeout.o(i.Delay) for Delay
    period_measurement_timeout.o(i.main) refers to systick.o(i.SysTick_Wait1us) for SysTick_Wait1us
    period_measurement_timeout.o(i.main) refers to dfltui.o(.text) for __aeabi_ui2d
    period_measurement_timeout.o(i.main) refers to dmul.o(.text) for __aeabi_dmul
    period_measurement_timeout.o(i.main) refers to ddiv.o(.text) for __aeabi_ddiv
    period_measurement_timeout.o(i.main) refers to dfixui.o(.text) for __aeabi_d2uiz
    period_measurement_timeout.o(i.main) refers to period_measurement_timeout.o(.data) for distance
    nokia5110.o(i.Nokia5110_Clear) refers to nokia5110.o(i.lcdwrite) for lcdwrite
    nokia5110.o(i.Nokia5110_Clear) refers to nokia5110.o(i.Nokia5110_SetCursor) for Nokia5110_SetCursor
    nokia5110.o(i.Nokia5110_DrawFullImage) refers to nokia5110.o(i.Nokia5110_SetCursor) for Nokia5110_SetCursor
    nokia5110.o(i.Nokia5110_DrawFullImage) refers to nokia5110.o(i.lcdwrite) for lcdwrite
    nokia5110.o(i.Nokia5110_Init) refers to nokia5110.o(i.lcdwrite) for lcdwrite
    nokia5110.o(i.Nokia5110_OutChar) refers to nokia5110.o(i.lcdwrite) for lcdwrite
    nokia5110.o(i.Nokia5110_OutChar) refers to nokia5110.o(.constdata) for ASCII
    nokia5110.o(i.Nokia5110_OutString) refers to nokia5110.o(i.Nokia5110_OutChar) for Nokia5110_OutChar
    nokia5110.o(i.Nokia5110_OutUDec) refers to nokia5110.o(i.Nokia5110_OutString) for Nokia5110_OutString
    nokia5110.o(i.Nokia5110_OutUDec) refers to nokia5110.o(i.Nokia5110_OutChar) for Nokia5110_OutChar
    nokia5110.o(i.Nokia5110_SetCursor) refers to nokia5110.o(i.lcdwrite) for lcdwrite
    entry.o(.ARM.Collect$$$$00000000) refers (Special) to entry10a.o(.ARM.Collect$$$$0000000D) for __rt_final_cpp
    entry.o(.ARM.Collect$$$$00000000) refers (Special) to entry11a.o(.ARM.Collect$$$$0000000F) for __rt_final_exit
    entry.o(.ARM.Collect$$$$00000000) refers (Special) to entry7b.o(.ARM.Collect$$$$00000008) for _main_clock
    entry.o(.ARM.Collect$$$$00000000) refers (Special) to entry8b.o(.ARM.Collect$$$$0000000A) for _main_cpp_init
    entry.o(.ARM.Collect$$$$00000000) refers (Special) to entry9a.o(.ARM.Collect$$$$0000000B) for _main_init
    entry.o(.ARM.Collect$$$$00000000) refers (Special) to entry5.o(.ARM.Collect$$$$00000004) for _main_scatterload
    entry.o(.ARM.Collect$$$$00000000) refers (Special) to entry2.o(.ARM.Collect$$$$00000001) for _main_stk
    dmul.o(.text) refers (Special) to iusefp.o(.text) for __I$use$fp
    dmul.o(.text) refers to depilogue.o(.text) for _double_epilogue
    ddiv.o(.text) refers (Special) to iusefp.o(.text) for __I$use$fp
    ddiv.o(.text) refers to depilogue.o(.text) for _double_round
    dfltui.o(.text) refers (Special) to iusefp.o(.text) for __I$use$fp
    dfltui.o(.text) refers to depilogue.o(.text) for _double_epilogue
    dfixui.o(.text) refers (Special) to iusefp.o(.text) for __I$use$fp
    dfixui.o(.text) refers to llushr.o(.text) for __aeabi_llsr
    entry2.o(.ARM.Collect$$$$00000001) refers to entry2.o(.ARM.Collect$$$$00002712) for __lit__00000000
    entry2.o(.ARM.Collect$$$$00002712) refers to startup.o(STACK) for __initial_sp
    entry2.o(__vectab_stack_and_reset_area) refers to startup.o(STACK) for __initial_sp
    entry2.o(__vectab_stack_and_reset_area) refers to entry.o(.ARM.Collect$$$$00000000) for __main
    entry5.o(.ARM.Collect$$$$00000004) refers to init.o(.text) for __scatterload
    entry9a.o(.ARM.Collect$$$$0000000B) refers to period_measurement_timeout.o(i.main) for main
    entry9b.o(.ARM.Collect$$$$0000000C) refers to period_measurement_timeout.o(i.main) for main
    depilogue.o(.text) refers to llshl.o(.text) for __aeabi_llsl
    depilogue.o(.text) refers to llushr.o(.text) for __aeabi_llsr
    init.o(.text) refers to entry5.o(.ARM.Collect$$$$00000004) for __main_after_scatterload


==============================================================================

Removing Unused input sections from the image.

    Removing startup.o(HEAP), (0 bytes).
    Removing period_measurement_timeout.o(.constdata), (480 bytes).
    Removing nokia5110.o(i.Nokia5110_DrawFullImage), (34 bytes).

3 unused section(s) (total 514 bytes) removed from the image.

==============================================================================

Image Symbol Table

    Local Symbols

    Symbol Name                              Value     Ov Type        Size  Object(Section)

    RESET                                    0x00000000   Section      644  startup.o(RESET)
    ../clib/microlib/init/entry.s            0x00000000   Number         0  entry7b.o ABSOLUTE
    ../clib/microlib/init/entry.s            0x00000000   Number         0  entry8a.o ABSOLUTE
    ../clib/microlib/init/entry.s            0x00000000   Number         0  entry8b.o ABSOLUTE
    ../clib/microlib/init/entry.s            0x00000000   Number         0  entry9a.o ABSOLUTE
    ../clib/microlib/init/entry.s            0x00000000   Number         0  entry11b.o ABSOLUTE
    ../clib/microlib/init/entry.s            0x00000000   Number         0  entry11a.o ABSOLUTE
    ../clib/microlib/init/entry.s            0x00000000   Number         0  entry10b.o ABSOLUTE
    ../clib/microlib/init/entry.s            0x00000000   Number         0  entry10a.o ABSOLUTE
    ../clib/microlib/init/entry.s            0x00000000   Number         0  entry9b.o ABSOLUTE
    ../clib/microlib/init/entry.s            0x00000000   Number         0  entry5.o ABSOLUTE
    ../clib/microlib/init/entry.s            0x00000000   Number         0  entry7a.o ABSOLUTE
    ../clib/microlib/init/entry.s            0x00000000   Number         0  entry.o ABSOLUTE
    ../clib/microlib/init/entry.s            0x00000000   Number         0  entry2.o ABSOLUTE
    ../clib/microlib/longlong.c              0x00000000   Number         0  llshl.o ABSOLUTE
    ../clib/microlib/longlong.c              0x00000000   Number         0  llushr.o ABSOLUTE
    ../clib/microlib/stubs.s                 0x00000000   Number         0  iusefp.o ABSOLUTE
    ../fplib/microlib/fpdiv.c                0x00000000   Number         0  ddiv.o ABSOLUTE
    ../fplib/microlib/fpepilogue.c           0x00000000   Number         0  depilogue.o ABSOLUTE
    ../fplib/microlib/fpfix.c                0x00000000   Number         0  dfixui.o ABSOLUTE
    ../fplib/microlib/fpflt.c                0x00000000   Number         0  dfltui.o ABSOLUTE
    ../fplib/microlib/fpmul.c                0x00000000   Number         0  dmul.o ABSOLUTE
    Nokia5110.c                              0x00000000   Number         0  nokia5110.o ABSOLUTE
    Period_Measurement_Timeout.c             0x00000000   Number         0  period_measurement_timeout.o ABSOLUTE
    SysTick.c                                0x00000000   Number         0  systick.o ABSOLUTE
    dc.s                                     0x00000000   Number         0  dc.o ABSOLUTE
    handlers.s                               0x00000000   Number         0  handlers.o ABSOLUTE
    init.s                                   0x00000000   Number         0  init.o ABSOLUTE
    startup.s                                0x00000000   Number         0  startup.o ABSOLUTE
    .ARM.Collect$$$$00000000                 0x00000284   Section        0  entry.o(.ARM.Collect$$$$00000000)
    .ARM.Collect$$$$00000001                 0x00000284   Section        4  entry2.o(.ARM.Collect$$$$00000001)
    .ARM.Collect$$$$00000004                 0x00000288   Section        4  entry5.o(.ARM.Collect$$$$00000004)
    .ARM.Collect$$$$00000008                 0x0000028c   Section        0  entry7b.o(.ARM.Collect$$$$00000008)
    .ARM.Collect$$$$0000000A                 0x0000028c   Section        0  entry8b.o(.ARM.Collect$$$$0000000A)
    .ARM.Collect$$$$0000000B                 0x0000028c   Section        8  entry9a.o(.ARM.Collect$$$$0000000B)
    .ARM.Collect$$$$0000000D                 0x00000294   Section        0  entry10a.o(.ARM.Collect$$$$0000000D)
    .ARM.Collect$$$$0000000F                 0x00000294   Section        0  entry11a.o(.ARM.Collect$$$$0000000F)
    .ARM.Collect$$$$00002712                 0x00000294   Section        4  entry2.o(.ARM.Collect$$$$00002712)
    __lit__00000000                          0x00000294   Data           4  entry2.o(.ARM.Collect$$$$00002712)
    .text                                    0x00000298   Section       28  startup.o(.text)
    .text                                    0x000002b4   Section        0  dmul.o(.text)
    .text                                    0x00000398   Section        0  ddiv.o(.text)
    .text                                    0x00000476   Section        0  dfltui.o(.text)
    .text                                    0x00000490   Section        0  dfixui.o(.text)
    .text                                    0x000004c2   Section        0  llushr.o(.text)
    .text                                    0x000004e2   Section        0  iusefp.o(.text)
    .text                                    0x000004e2   Section        0  depilogue.o(.text)
    .text                                    0x000005a0   Section       36  init.o(.text)
    .text                                    0x000005c4   Section        0  llshl.o(.text)
    i.Delay                                  0x000005e4   Section        0  period_measurement_timeout.o(i.Delay)
    i.Display_Info                           0x0000060c   Section        0  period_measurement_timeout.o(i.Display_Info)
    i.Nokia5110_Clear                        0x00000628   Section        0  nokia5110.o(i.Nokia5110_Clear)
    i.Nokia5110_Init                         0x00000648   Section        0  nokia5110.o(i.Nokia5110_Init)
    i.Nokia5110_OutChar                      0x000007b4   Section        0  nokia5110.o(i.Nokia5110_OutChar)
    i.Nokia5110_OutString                    0x000007ec   Section        0  nokia5110.o(i.Nokia5110_OutString)
    i.Nokia5110_OutUDec                      0x00000804   Section        0  nokia5110.o(i.Nokia5110_OutUDec)
    i.Nokia5110_SetCursor                    0x000009a0   Section        0  nokia5110.o(i.Nokia5110_SetCursor)
    i.SysTick_Init                           0x000009d0   Section        0  systick.o(i.SysTick_Init)
    i.SysTick_Wait                           0x000009e8   Section        0  systick.o(i.SysTick_Wait)
    i.SysTick_Wait1us                        0x00000a08   Section        0  systick.o(i.SysTick_Wait1us)
    i.Timer0A_Handler                        0x00000a20   Section        0  period_measurement_timeout.o(i.Timer0A_Handler)
    i.Timer0_Init                            0x00000a90   Section        0  period_measurement_timeout.o(i.Timer0_Init)
    i.Timer1A_Handler                        0x00000b90   Section        0  period_measurement_timeout.o(i.Timer1A_Handler)
    i.Timer1_Init                            0x00000bac   Section        0  period_measurement_timeout.o(i.Timer1_Init)
    i.__scatterload_copy                     0x00000c14   Section       14  handlers.o(i.__scatterload_copy)
    i.__scatterload_null                     0x00000c22   Section        2  handlers.o(i.__scatterload_null)
    i.__scatterload_zeroinit                 0x00000c24   Section       14  handlers.o(i.__scatterload_zeroinit)
    i.lcdwrite                               0x00000c34   Section        0  nokia5110.o(i.lcdwrite)
    lcdwrite                                 0x00000c35   Thumb Code    66  nokia5110.o(i.lcdwrite)
    i.main                                   0x00000c80   Section        0  period_measurement_timeout.o(i.main)
    .constdata                               0x00000db8   Section      480  nokia5110.o(.constdata)
    ASCII                                    0x00000db8   Data         480  nokia5110.o(.constdata)
    .data                                    0x20000000   Section       33  period_measurement_timeout.o(.data)
    STACK                                    0x20000028   Section     1024  startup.o(STACK)
    StackMem                                 0x20000028   Data           0  startup.o(STACK)

    Global Symbols

    Symbol Name                              Value     Ov Type        Size  Object(Section)

    BuildAttributes$$THM_ISAv4$E$P$D$K$B$S$7EM$PE$A:L22UL41UL21$X:L11$S22US41US21$IEEE1$IW$USESV6$~STKCKD$USESV7$~SHL$OSPACE$ROPI$EBA8$MICROLIB$REQ8$PRES8$EABIv2 0x00000000   Number         0  anon$$obj.o ABSOLUTE
    __ARM_use_no_argv                        0x00000000   Number         0  period_measurement_timeout.o ABSOLUTE
    __Vectors                                0x00000000   Data           0  startup.o(RESET)
    __cpp_initialize__aeabi_                  - Undefined Weak Reference
    __cxa_finalize                            - Undefined Weak Reference
    __decompress                              - Undefined Weak Reference
    _clock_init                               - Undefined Weak Reference
    _microlib_exit                            - Undefined Weak Reference
    Reset_Handler                            0x0000026d   Thumb Code     0  startup.o(RESET)
    NMI_Handler                              0x00000271   Thumb Code     2  startup.o(RESET)
    HardFault_Handler                        0x00000273   Thumb Code     2  startup.o(RESET)
    MemManage_Handler                        0x00000275   Thumb Code     2  startup.o(RESET)
    BusFault_Handler                         0x00000277   Thumb Code     2  startup.o(RESET)
    UsageFault_Handler                       0x00000279   Thumb Code     2  startup.o(RESET)
    SVC_Handler                              0x0000027b   Thumb Code     2  startup.o(RESET)
    DebugMon_Handler                         0x0000027d   Thumb Code     2  startup.o(RESET)
    PendSV_Handler                           0x0000027f   Thumb Code     2  startup.o(RESET)
    SysTick_Handler                          0x00000281   Thumb Code     2  startup.o(RESET)
    ADC0Seq0_Handler                         0x00000283   Thumb Code     0  startup.o(RESET)
    ADC0Seq1_Handler                         0x00000283   Thumb Code     0  startup.o(RESET)
    ADC0Seq2_Handler                         0x00000283   Thumb Code     0  startup.o(RESET)
    ADC0Seq3_Handler                         0x00000283   Thumb Code     0  startup.o(RESET)
    ADC1Seq0_Handler                         0x00000283   Thumb Code     0  startup.o(RESET)
    ADC1Seq1_Handler                         0x00000283   Thumb Code     0  startup.o(RESET)
    ADC1Seq2_Handler                         0x00000283   Thumb Code     0  startup.o(RESET)
    ADC1Seq3_Handler                         0x00000283   Thumb Code     0  startup.o(RESET)
    CAN0_Handler                             0x00000283   Thumb Code     0  startup.o(RESET)
    CAN1_Handler                             0x00000283   Thumb Code     0  startup.o(RESET)
    CAN2_Handler                             0x00000283   Thumb Code     0  startup.o(RESET)
    Comp0_Handler                            0x00000283   Thumb Code     0  startup.o(RESET)
    Comp1_Handler                            0x00000283   Thumb Code     0  startup.o(RESET)
    Comp2_Handler                            0x00000283   Thumb Code     0  startup.o(RESET)
    Ethernet_Handler                         0x00000283   Thumb Code     0  startup.o(RESET)
    ExtBus_Handler                           0x00000283   Thumb Code     0  startup.o(RESET)
    FPU_Handler                              0x00000283   Thumb Code     0  startup.o(RESET)
    Fan0_Handler                             0x00000283   Thumb Code     0  startup.o(RESET)
    FlashCtl_Handler                         0x00000283   Thumb Code     0  startup.o(RESET)
    GPIOPortA_Handler                        0x00000283   Thumb Code     0  startup.o(RESET)
    GPIOPortB_Handler                        0x00000283   Thumb Code     0  startup.o(RESET)
    GPIOPortC_Handler                        0x00000283   Thumb Code     0  startup.o(RESET)
    GPIOPortD_Handler                        0x00000283   Thumb Code     0  startup.o(RESET)
    GPIOPortE_Handler                        0x00000283   Thumb Code     0  startup.o(RESET)
    GPIOPortF_Handler                        0x00000283   Thumb Code     0  startup.o(RESET)
    GPIOPortG_Handler                        0x00000283   Thumb Code     0  startup.o(RESET)
    GPIOPortH_Handler                        0x00000283   Thumb Code     0  startup.o(RESET)
    GPIOPortJ_Handler                        0x00000283   Thumb Code     0  startup.o(RESET)
    GPIOPortK_Handler                        0x00000283   Thumb Code     0  startup.o(RESET)
    GPIOPortL_Handler                        0x00000283   Thumb Code     0  startup.o(RESET)
    GPIOPortM_Handler                        0x00000283   Thumb Code     0  startup.o(RESET)
    GPIOPortN_Handler                        0x00000283   Thumb Code     0  startup.o(RESET)
    GPIOPortP1_Handler                       0x00000283   Thumb Code     0  startup.o(RESET)
    GPIOPortP2_Handler                       0x00000283   Thumb Code     0  startup.o(RESET)
    GPIOPortP3_Handler                       0x00000283   Thumb Code     0  startup.o(RESET)
    GPIOPortP4_Handler                       0x00000283   Thumb Code     0  startup.o(RESET)
    GPIOPortP5_Handler                       0x00000283   Thumb Code     0  startup.o(RESET)
    GPIOPortP6_Handler                       0x00000283   Thumb Code     0  startup.o(RESET)
    GPIOPortP7_Handler                       0x00000283   Thumb Code     0  startup.o(RESET)
    GPIOPortP_Handler                        0x00000283   Thumb Code     0  startup.o(RESET)
    GPIOPortQ1_Handler                       0x00000283   Thumb Code     0  startup.o(RESET)
    GPIOPortQ2_Handler                       0x00000283   Thumb Code     0  startup.o(RESET)
    GPIOPortQ3_Handler                       0x00000283   Thumb Code     0  startup.o(RESET)
    GPIOPortQ4_Handler                       0x00000283   Thumb Code     0  startup.o(RESET)
    GPIOPortQ5_Handler                       0x00000283   Thumb Code     0  startup.o(RESET)
    GPIOPortQ6_Handler                       0x00000283   Thumb Code     0  startup.o(RESET)
    GPIOPortQ7_Handler                       0x00000283   Thumb Code     0  startup.o(RESET)
    GPIOPortQ_Handler                        0x00000283   Thumb Code     0  startup.o(RESET)
    GPIOPortR_Handler                        0x00000283   Thumb Code     0  startup.o(RESET)
    GPIOPortS_Handler                        0x00000283   Thumb Code     0  startup.o(RESET)
    Hibernate_Handler                        0x00000283   Thumb Code     0  startup.o(RESET)
    I2C0_Handler                             0x00000283   Thumb Code     0  startup.o(RESET)
    I2C1_Handler                             0x00000283   Thumb Code     0  startup.o(RESET)
    I2C2_Handler                             0x00000283   Thumb Code     0  startup.o(RESET)
    I2C3_Handler                             0x00000283   Thumb Code     0  startup.o(RESET)
    I2C4_Handler                             0x00000283   Thumb Code     0  startup.o(RESET)
    I2C5_Handler                             0x00000283   Thumb Code     0  startup.o(RESET)
    I2S0_Handler                             0x00000283   Thumb Code     0  startup.o(RESET)
    LPC0_Handler                             0x00000283   Thumb Code     0  startup.o(RESET)
    PECI0_Handler                            0x00000283   Thumb Code     0  startup.o(RESET)
    PWM0Fault_Handler                        0x00000283   Thumb Code     0  startup.o(RESET)
    PWM0Generator0_Handler                   0x00000283   Thumb Code     0  startup.o(RESET)
    PWM0Generator1_Handler                   0x00000283   Thumb Code     0  startup.o(RESET)
    PWM0Generator2_Handler                   0x00000283   Thumb Code     0  startup.o(RESET)
    PWM0Generator3_Handler                   0x00000283   Thumb Code     0  startup.o(RESET)
    PWM1Fault_Handler                        0x00000283   Thumb Code     0  startup.o(RESET)
    PWM1Generator0_Handler                   0x00000283   Thumb Code     0  startup.o(RESET)
    PWM1Generator1_Handler                   0x00000283   Thumb Code     0  startup.o(RESET)
    PWM1Generator2_Handler                   0x00000283   Thumb Code     0  startup.o(RESET)
    PWM1Generator3_Handler                   0x00000283   Thumb Code     0  startup.o(RESET)
    Quadrature0_Handler                      0x00000283   Thumb Code     0  startup.o(RESET)
    Quadrature1_Handler                      0x00000283   Thumb Code     0  startup.o(RESET)
    Quadrature2_Handler                      0x00000283   Thumb Code     0  startup.o(RESET)
    SSI0_Handler                             0x00000283   Thumb Code     0  startup.o(RESET)
    SSI1_Handler                             0x00000283   Thumb Code     0  startup.o(RESET)
    SSI2_Handler                             0x00000283   Thumb Code     0  startup.o(RESET)
    SSI3_Handler                             0x00000283   Thumb Code     0  startup.o(RESET)
    SysCtl_Handler                           0x00000283   Thumb Code     0  startup.o(RESET)
    Timer0B_Handler                          0x00000283   Thumb Code     0  startup.o(RESET)
    Timer1B_Handler                          0x00000283   Thumb Code     0  startup.o(RESET)
    Timer2A_Handler                          0x00000283   Thumb Code     0  startup.o(RESET)
    Timer2B_Handler                          0x00000283   Thumb Code     0  startup.o(RESET)
    Timer3A_Handler                          0x00000283   Thumb Code     0  startup.o(RESET)
    Timer3B_Handler                          0x00000283   Thumb Code     0  startup.o(RESET)
    Timer4A_Handler                          0x00000283   Thumb Code     0  startup.o(RESET)
    Timer4B_Handler                          0x00000283   Thumb Code     0  startup.o(RESET)
    Timer5A_Handler                          0x00000283   Thumb Code     0  startup.o(RESET)
    Timer5B_Handler                          0x00000283   Thumb Code     0  startup.o(RESET)
    UART0_Handler                            0x00000283   Thumb Code     0  startup.o(RESET)
    UART1_Handler                            0x00000283   Thumb Code     0  startup.o(RESET)
    UART2_Handler                            0x00000283   Thumb Code     0  startup.o(RESET)
    UART3_Handler                            0x00000283   Thumb Code     0  startup.o(RESET)
    UART4_Handler                            0x00000283   Thumb Code     0  startup.o(RESET)
    UART5_Handler                            0x00000283   Thumb Code     0  startup.o(RESET)
    UART6_Handler                            0x00000283   Thumb Code     0  startup.o(RESET)
    UART7_Handler                            0x00000283   Thumb Code     0  startup.o(RESET)
    USB0_Handler                             0x00000283   Thumb Code     0  startup.o(RESET)
    WDT_Handler                              0x00000283   Thumb Code     0  startup.o(RESET)
    WideTimer0A_Handler                      0x00000283   Thumb Code     0  startup.o(RESET)
    WideTimer0B_Handler                      0x00000283   Thumb Code     0  startup.o(RESET)
    WideTimer1A_Handler                      0x00000283   Thumb Code     0  startup.o(RESET)
    WideTimer1B_Handler                      0x00000283   Thumb Code     0  startup.o(RESET)
    WideTimer2A_Handler                      0x00000283   Thumb Code     0  startup.o(RESET)
    WideTimer2B_Handler                      0x00000283   Thumb Code     0  startup.o(RESET)
    WideTimer3A_Handler                      0x00000283   Thumb Code     0  startup.o(RESET)
    WideTimer3B_Handler                      0x00000283   Thumb Code     0  startup.o(RESET)
    WideTimer4A_Handler                      0x00000283   Thumb Code     0  startup.o(RESET)
    WideTimer4B_Handler                      0x00000283   Thumb Code     0  startup.o(RESET)
    WideTimer5A_Handler                      0x00000283   Thumb Code     0  startup.o(RESET)
    WideTimer5B_Handler                      0x00000283   Thumb Code     0  startup.o(RESET)
    uDMA_Error                               0x00000283   Thumb Code     0  startup.o(RESET)
    uDMA_Handler                             0x00000283   Thumb Code     0  startup.o(RESET)
    __main                                   0x00000285   Thumb Code     0  entry.o(.ARM.Collect$$$$00000000)
    _main_stk                                0x00000285   Thumb Code     0  entry2.o(.ARM.Collect$$$$00000001)
    _main_scatterload                        0x00000289   Thumb Code     0  entry5.o(.ARM.Collect$$$$00000004)
    __main_after_scatterload                 0x0000028d   Thumb Code     0  entry5.o(.ARM.Collect$$$$00000004)
    _main_clock                              0x0000028d   Thumb Code     0  entry7b.o(.ARM.Collect$$$$00000008)
    _main_cpp_init                           0x0000028d   Thumb Code     0  entry8b.o(.ARM.Collect$$$$0000000A)
    _main_init                               0x0000028d   Thumb Code     0  entry9a.o(.ARM.Collect$$$$0000000B)
    __rt_final_cpp                           0x00000295   Thumb Code     0  entry10a.o(.ARM.Collect$$$$0000000D)
    __rt_final_exit                          0x00000295   Thumb Code     0  entry11a.o(.ARM.Collect$$$$0000000F)
    DisableInterrupts                        0x00000299   Thumb Code     0  startup.o(.text)
    EnableInterrupts                         0x0000029d   Thumb Code     0  startup.o(.text)
    StartCritical                            0x000002a1   Thumb Code     0  startup.o(.text)
    EndCritical                              0x000002a9   Thumb Code     0  startup.o(.text)
    WaitForInterrupt                         0x000002af   Thumb Code     0  startup.o(.text)
    __aeabi_dmul                             0x000002b5   Thumb Code   228  dmul.o(.text)
    __aeabi_ddiv                             0x00000399   Thumb Code   222  ddiv.o(.text)
    __aeabi_ui2d                             0x00000477   Thumb Code    26  dfltui.o(.text)
    __aeabi_d2uiz                            0x00000491   Thumb Code    50  dfixui.o(.text)
    __aeabi_llsr                             0x000004c3   Thumb Code    32  llushr.o(.text)
    _ll_ushift_r                             0x000004c3   Thumb Code     0  llushr.o(.text)
    __I$use$fp                               0x000004e3   Thumb Code     0  iusefp.o(.text)
    _double_round                            0x000004e3   Thumb Code    26  depilogue.o(.text)
    _double_epilogue                         0x000004fd   Thumb Code   164  depilogue.o(.text)
    __scatterload                            0x000005a1   Thumb Code    28  init.o(.text)
    __scatterload_rt2                        0x000005a1   Thumb Code     0  init.o(.text)
    __aeabi_llsl                             0x000005c5   Thumb Code    30  llshl.o(.text)
    _ll_shift_l                              0x000005c5   Thumb Code     0  llshl.o(.text)
    Delay                                    0x000005e5   Thumb Code    34  period_measurement_timeout.o(i.Delay)
    Display_Info                             0x0000060d   Thumb Code    22  period_measurement_timeout.o(i.Display_Info)
    Nokia5110_Clear                          0x00000629   Thumb Code    32  nokia5110.o(i.Nokia5110_Clear)
    Nokia5110_Init                           0x00000649   Thumb Code   316  nokia5110.o(i.Nokia5110_Init)
    Nokia5110_OutChar                        0x000007b5   Thumb Code    52  nokia5110.o(i.Nokia5110_OutChar)
    Nokia5110_OutString                      0x000007ed   Thumb Code    22  nokia5110.o(i.Nokia5110_OutString)
    Nokia5110_OutUDec                        0x00000805   Thumb Code   394  nokia5110.o(i.Nokia5110_OutUDec)
    Nokia5110_SetCursor                      0x000009a1   Thumb Code    48  nokia5110.o(i.Nokia5110_SetCursor)
    SysTick_Init                             0x000009d1   Thumb Code    24  systick.o(i.SysTick_Init)
    SysTick_Wait                             0x000009e9   Thumb Code    32  systick.o(i.SysTick_Wait)
    SysTick_Wait1us                          0x00000a09   Thumb Code    22  systick.o(i.SysTick_Wait1us)
    Timer0A_Handler                          0x00000a21   Thumb Code    82  period_measurement_timeout.o(i.Timer0A_Handler)
    Timer0_Init                              0x00000a91   Thumb Code   228  period_measurement_timeout.o(i.Timer0_Init)
    Timer1A_Handler                          0x00000b91   Thumb Code    18  period_measurement_timeout.o(i.Timer1A_Handler)
    Timer1_Init                              0x00000bad   Thumb Code    86  period_measurement_timeout.o(i.Timer1_Init)
    __scatterload_copy                       0x00000c15   Thumb Code    14  handlers.o(i.__scatterload_copy)
    __scatterload_null                       0x00000c23   Thumb Code     2  handlers.o(i.__scatterload_null)
    __scatterload_zeroinit                   0x00000c25   Thumb Code    14  handlers.o(i.__scatterload_zeroinit)
    main                                     0x00000c81   Thumb Code   260  period_measurement_timeout.o(i.main)
    Region$$Table$$Base                      0x00000f98   Number         0  anon$$obj.o(Region$$Table)
    Region$$Table$$Limit                     0x00000fb8   Number         0  anon$$obj.o(Region$$Table)
    period                                   0x20000000   Data           4  period_measurement_timeout.o(.data)
    done                                     0x20000004   Data           1  period_measurement_timeout.o(.data)
    timeout                                  0x20000005   Data           1  period_measurement_timeout.o(.data)
    first                                    0x20000008   Data           4  period_measurement_timeout.o(.data)
    distance                                 0x2000000c   Data           4  period_measurement_timeout.o(.data)
    first_time                               0x20000010   Data           4  period_measurement_timeout.o(.data)
    second_time                              0x20000014   Data           4  period_measurement_timeout.o(.data)
    first_read                               0x20000018   Data           4  period_measurement_timeout.o(.data)
    second_read                              0x2000001c   Data           4  period_measurement_timeout.o(.data)
    OutOfRange                               0x20000020   Data           1  period_measurement_timeout.o(.data)
    __initial_sp                             0x20000428   Data           0  startup.o(STACK)



==============================================================================

Memory Map of the image

  Image Entry point : 0x0000026d

  Load Region LR_1 (Base: 0x00000000, Size: 0x00000fdc, Max: 0xffffffff, ABSOLUTE)

    Execution Region ER_RO (Base: 0x00000000, Size: 0x00000fb8, Max: 0xffffffff, ABSOLUTE)

    Base Addr    Size         Type   Attr      Idx    E Section Name        Object

    0x00000000   0x00000284   Code   RO            3  * RESET               startup.o
    0x00000284   0x00000000   Code   RO          153  * .ARM.Collect$$$$00000000  mc_w.l(entry.o)
    0x00000284   0x00000004   Code   RO          164    .ARM.Collect$$$$00000001  mc_w.l(entry2.o)
    0x00000288   0x00000004   Code   RO          167    .ARM.Collect$$$$00000004  mc_w.l(entry5.o)
    0x0000028c   0x00000000   Code   RO          169    .ARM.Collect$$$$00000008  mc_w.l(entry7b.o)
    0x0000028c   0x00000000   Code   RO          171    .ARM.Collect$$$$0000000A  mc_w.l(entry8b.o)
    0x0000028c   0x00000008   Code   RO          172    .ARM.Collect$$$$0000000B  mc_w.l(entry9a.o)
    0x00000294   0x00000000   Code   RO          174    .ARM.Collect$$$$0000000D  mc_w.l(entry10a.o)
    0x00000294   0x00000000   Code   RO          176    .ARM.Collect$$$$0000000F  mc_w.l(entry11a.o)
    0x00000294   0x00000004   Code   RO          165    .ARM.Collect$$$$00002712  mc_w.l(entry2.o)
    0x00000298   0x0000001c   Code   RO            4    .text               startup.o
    0x000002b4   0x000000e4   Code   RO          156    .text               mf_w.l(dmul.o)
    0x00000398   0x000000de   Code   RO          158    .text               mf_w.l(ddiv.o)
    0x00000476   0x0000001a   Code   RO          160    .text               mf_w.l(dfltui.o)
    0x00000490   0x00000032   Code   RO          162    .text               mf_w.l(dfixui.o)
    0x000004c2   0x00000020   Code   RO          178    .text               mc_w.l(llushr.o)
    0x000004e2   0x00000000   Code   RO          180    .text               mc_w.l(iusefp.o)
    0x000004e2   0x000000be   Code   RO          181    .text               mf_w.l(depilogue.o)
    0x000005a0   0x00000024   Code   RO          183    .text               mc_w.l(init.o)
    0x000005c4   0x0000001e   Code   RO          185    .text               mc_w.l(llshl.o)
    0x000005e2   0x00000002   PAD
    0x000005e4   0x00000028   Code   RO           37    i.Delay             period_measurement_timeout.o
    0x0000060c   0x0000001c   Code   RO           38    i.Display_Info      period_measurement_timeout.o
    0x00000628   0x00000020   Code   RO           98    i.Nokia5110_Clear   nokia5110.o
    0x00000648   0x0000016c   Code   RO          100    i.Nokia5110_Init    nokia5110.o
    0x000007b4   0x00000038   Code   RO          101    i.Nokia5110_OutChar  nokia5110.o
    0x000007ec   0x00000016   Code   RO          102    i.Nokia5110_OutString  nokia5110.o
    0x00000802   0x00000002   PAD
    0x00000804   0x0000019c   Code   RO          103    i.Nokia5110_OutUDec  nokia5110.o
    0x000009a0   0x00000030   Code   RO          104    i.Nokia5110_SetCursor  nokia5110.o
    0x000009d0   0x00000018   Code   RO           12    i.SysTick_Init      systick.o
    0x000009e8   0x00000020   Code   RO           13    i.SysTick_Wait      systick.o
    0x00000a08   0x00000016   Code   RO           14    i.SysTick_Wait1us   systick.o
    0x00000a1e   0x00000002   PAD
    0x00000a20   0x00000070   Code   RO           39    i.Timer0A_Handler   period_measurement_timeout.o
    0x00000a90   0x00000100   Code   RO           40    i.Timer0_Init       period_measurement_timeout.o
    0x00000b90   0x0000001c   Code   RO           41    i.Timer1A_Handler   period_measurement_timeout.o
    0x00000bac   0x00000068   Code   RO           42    i.Timer1_Init       period_measurement_timeout.o
    0x00000c14   0x0000000e   Code   RO          189    i.__scatterload_copy  mc_w.l(handlers.o)
    0x00000c22   0x00000002   Code   RO          190    i.__scatterload_null  mc_w.l(handlers.o)
    0x00000c24   0x0000000e   Code   RO          191    i.__scatterload_zeroinit  mc_w.l(handlers.o)
    0x00000c32   0x00000002   PAD
    0x00000c34   0x0000004c   Code   RO          105    i.lcdwrite          nokia5110.o
    0x00000c80   0x00000138   Code   RO           43    i.main              period_measurement_timeout.o
    0x00000db8   0x000001e0   Data   RO          106    .constdata          nokia5110.o
    0x00000f98   0x00000020   Data   RO          187    Region$$Table       anon$$obj.o


    Execution Region ER_RW (Base: 0x20000000, Size: 0x00000024, Max: 0xffffffff, ABSOLUTE)

    Base Addr    Size         Type   Attr      Idx    E Section Name        Object

    0x20000000   0x00000021   Data   RW           45    .data               period_measurement_timeout.o


    Execution Region ER_ZI (Base: 0x20000024, Size: 0x00000404, Max: 0xffffffff, ABSOLUTE)

    Base Addr    Size         Type   Attr      Idx    E Section Name        Object

    0x20000024   0x00000004   PAD
    0x20000028   0x00000400   Zero   RW            1    STACK               startup.o


==============================================================================

Image component sizes


      Code (inc. data)   RO Data    RW Data    ZI Data      Debug   Object Name

      1010         80        480          0          0       5415   nokia5110.o
       880        150          0         33          0       7040   period_measurement_timeout.o
       672        622          0          0       1024        932   startup.o
        78          0          0          0          0       2812   systick.o

    ----------------------------------------------------------------------
      2644        852        512         36       1028      16199   Object Totals
         0          0         32          0          0          0   (incl. Generated)
         4          0          0          3          4          0   (incl. Padding)

    ----------------------------------------------------------------------

      Code (inc. data)   RO Data    RW Data    ZI Data      Debug   Library Member Name

         0          0          0          0          0          0   entry.o
         0          0          0          0          0          0   entry10a.o
         0          0          0          0          0          0   entry11a.o
         8          4          0          0          0          0   entry2.o
         4          0          0          0          0          0   entry5.o
         0          0          0          0          0          0   entry7b.o
         0          0          0          0          0          0   entry8b.o
         8          4          0          0          0          0   entry9a.o
        30          0          0          0          0          0   handlers.o
        36          8          0          0          0         68   init.o
         0          0          0          0          0          0   iusefp.o
        30          0          0          0          0         68   llshl.o
        32          0          0          0          0         68   llushr.o
       222          0          0          0          0        100   ddiv.o
       190          0          0          0          0        176   depilogue.o
        50          0          0          0          0         76   dfixui.o
        26          0          0          0          0         76   dfltui.o
       228          0          0          0          0         96   dmul.o

    ----------------------------------------------------------------------
       868         16          0          0          0        728   Library Totals
         4          0          0          0          0          0   (incl. Padding)

    ----------------------------------------------------------------------

      Code (inc. data)   RO Data    RW Data    ZI Data      Debug   Library Name

       148         16          0          0          0        204   mc_w.l
       716          0          0          0          0        524   mf_w.l

    ----------------------------------------------------------------------
       868         16          0          0          0        728   Library Totals

    ----------------------------------------------------------------------

==============================================================================


      Code (inc. data)   RO Data    RW Data    ZI Data      Debug   

      3512        868        512         36       1028      15731   Grand Totals
      3512        868        512         36       1028      15731   ELF Image Totals
      3512        868        512         36          0          0   ROM Totals

==============================================================================

    Total RO  Size (Code + RO Data)                 4024 (   3.93kB)
    Total RW  Size (RW Data + ZI Data)              1064 (   1.04kB)
    Total ROM Size (Code + RO Data + RW Data)       4060 (   3.96kB)

==============================================================================

