<html>
<body>
<pre>
<h1>µVision Build Log</h1>
<h2>Project:</h2>
C:\Users\Rosswell\Documents\TM4C-Microcontroller\Hello_Launchpad_Interrupt\Lab2.uvproj
Project File Date:  03/16/2018

<h2>Output:</h2>
Rebuild target 'HelloLaunchPad'
compiling main.c...
main.c(78): warning:  #1295-D: Deprecated declaration EdgeCounter_Init - give arg types
  void EdgeCounter_Init();
main.c: 1 warning, 0 errors
assembling startup.s...
linking...
Program Size: Code=2360 RO-data=2064 RW-data=60 ZI-data=1756  
".\HelloLaunchPad.axf" - 0 Error(s), 1 Warning(s).
Load "C:\\Users\\Rosswell\\Documents\\TM4C-Microcontroller\\Hello_Launchpad_Interrupt\\HelloLaunchPad.axf" 
Connecting: Mode=JTAG, Speed=1000000Hz
Connection failed!, error code=&d
Error: Flash Download failed  -  Target DLL has been cancelled
</pre>
</body>
</html>
rupt\\HelloLaunchPad.axf" 
Connecting: Mode=JTAG, Speed=1000000Hz
Erase Done.
Programming Done.
Verify OK.
Load "C:\\Users\\Rosswell\\Documents\\TM4C-Microcontroller\\Hello_Launchpad_Interrupt\\HelloLaunchPad.axf" 
Connecting: Mode=JTAG, Speed=1000000Hz
Erase Done.
Programming Done.
Verify OK.
Load "C:\\Users\\Rosswell\\Documents\\TM4C-Microcontroller\\Hello_Launchpad_Interrupt\\HelloLaunchPad.axf" 
Connecting: Mode=JTAG, Speed=1000000Hz
Erase Done.
Programming Done.
Verify OK.
