<html>
<body>
<pre>
<h1>µVision Build Log</h1>
<h2>Project:</h2>
C:\Keil\Labware\Lab10_TrafficLight\Lab10.uvproj
Project File Date:  02/05/2018

<h2>Output:</h2>
Rebuild target 'Lab10'
assembling startup.s...
compiling TableTrafficLight.c...
TableTrafficLight.c(71): warning:  #550-D: variable "delay" was set but never used
        unsigned int delay;
TableTrafficLight.c(84): warning:  #550-D: variable "delay" was set but never used
        unsigned int delay;
TableTrafficLight.c(102): warning:  #1-D: last line of file ends without a newline
  }
TableTrafficLight.c: 3 warnings, 0 errors
linking...
Program Size: Code=3232 RO-data=14296 RW-data=68 ZI-data=1756  
".\Lab10.axf" - 0 Error(s), 3 Warning(s).
</pre>
</body>
</html>
Lab10_TrafficLight\\Lab10.axf" 
Connecting: Mode=JTAG, Speed=1000000Hz
Erase Done.
Programming Done.
Verify OK.
