<html>
<body>
<pre>
<h1>µVision Build Log</h1>
<h2>Project:</h2>
C:\Users\Rosswell\Documents\TM4C-Microcontroller\Traffic Light Systick\Traffic Light Systick.uvproj
Project File Date:  02/16/2018

<h2>Output:</h2>
Rebuild target 'Traffic Light Systick'
assembling startup.s...
compiling Traffic Light Systick.c...
Traffic Light Systick.c(71): warning:  #550-D: variable "delay" was set but never used
        unsigned int delay;
Traffic Light Systick.c(84): warning:  #550-D: variable "delay" was set but never used
        unsigned int delay;
Traffic Light Systick.c(102): warning:  #1-D: last line of file ends without a newline
  }
Traffic Light Systick.c: 3 warnings, 0 errors
compiling SysTick.c...
linking...
Program Size: Code=1368 RO-data=16 RW-data=0 ZI-data=1120  
".\HelloLaunchPad.axf" - 0 Error(s), 3 Warning(s).
</pre>
</body>
</html>
