<html>
<body>
<pre>
<h1>µVision Build Log</h1>
<h2>Project:</h2>
C:\Users\Rosswell\Documents\TM4C-Microcontroller\IR_Sensor\ADCSWTrigger.uvproj
Project File Date:  10/29/2018

<h2>Output:</h2>
Rebuild target 'ADCSWTrigger'
assembling startup.s...
compiling ADCSWTrigger.c...
compiling ADCTestMain.c...
compiling PLL.c...
compiling Nokia5110.c...
linking...
Program Size: Code=3428 RO-data=32 RW-data=12 ZI-data=1124  
".\ADCSWTrigger.axf" - 0 Error(s), 0 Warning(s).
Load "C:\\Users\\Rosswell\\Documents\\TM4C-Microcontroller\\IR_Sensor\\ADCSWTrigger.axf" 
Connecting: Mode=JTAG, Speed=1000000Hz
Erase Done.
Programming Done.
Verify OK.
</pre>
</body>
</html>
: cannot open file
Error: Flash Download failed  -  Could not load file 'C:\Users\Rosswell\Documents\TM4C-Microcontroller\IR_Sensor\ADCSWTrigger.axf'
