<html>
<body>
<pre>
<h1>µVision Build Log</h1>
<h2>Project:</h2>
C:\Users\Rosswell\Documents\TM4C-Microcontroller\IR_Sensor\ADCSWTrigger.uvproj
Project File Date:  10/29/2018

<h2>Output:</h2>
Rebuild target 'ADCSWTrigger'
assembling startup.s...
compiling ADCSWTrigger.c...
compiling ADCTestMain.c...
ADCTestMain.c(130): warning:  #1-D: last line of file ends without a newline
  }
ADCTestMain.c: 1 warning, 0 errors
compiling PLL.c...
compiling Nokia5110.c...
linking...
Program Size: Code=4780 RO-data=1112 RW-data=16 ZI-data=1120  
".\ADCSWTrigger.axf" - 0 Error(s), 1 Warning(s).
Load "C:\\Users\\Rosswell\\Documents\\TM4C-Microcontroller\\IR_Sensor\\ADCSWTrigger.axf" 
Connecting: Mode=JTAG, Speed=1000000Hz
Erase Done.
Programming Done.
Verify OK.
</pre>
</body>
</html>
