<html>
<body>
<pre>
<h1>µVision Build Log</h1>
<h2>Project:</h2>
C:\Users\Rosswell\Documents\TM4C-Microcontroller\Game Scoring System\Lab2.uvproj
Project File Date:  05/15/2018

<h2>Output:</h2>
Rebuild target 'HelloLaunchPad'
compiling main.c...
assembling startup.s...
linking...
Program Size: Code=2512 RO-data=2064 RW-data=84 ZI-data=1756  
".\HelloLaunchPad.axf" - 0 Error(s), 0 Warning(s).
Load "C:\\Users\\Rosswell\\Documents\\TM4C-Microcontroller\\Game Scoring System\\HelloLaunchPad.axf" 
Connecting: Mode=JTAG, Speed=1000000Hz
Erase Done.
Programming Done.
Verify OK.
</pre>
</body>
</html>
